Archive member included to satisfy reference by file (symbol)

z:/softwares/open_stm/intallation/plugins/fr.ac6.mcu.externaltools.arm-none.win32_1.17.0.201812190825/tools/compiler/bin/../lib/gcc/arm-none-eabi/7.3.1/../../../../arm-none-eabi/lib/thumb/v7e-m/fpv4-sp/hard\libc.a(lib_a-errno.o)
                              src/syscalls.o (__errno)
z:/softwares/open_stm/intallation/plugins/fr.ac6.mcu.externaltools.arm-none.win32_1.17.0.201812190825/tools/compiler/bin/../lib/gcc/arm-none-eabi/7.3.1/../../../../arm-none-eabi/lib/thumb/v7e-m/fpv4-sp/hard\libc.a(lib_a-exit.o)
                              z:/softwares/open_stm/intallation/plugins/fr.ac6.mcu.externaltools.arm-none.win32_1.17.0.201812190825/tools/compiler/bin/../lib/gcc/arm-none-eabi/7.3.1/../../../../arm-none-eabi/lib/thumb/v7e-m/fpv4-sp/hard/crt0.o (exit)
z:/softwares/open_stm/intallation/plugins/fr.ac6.mcu.externaltools.arm-none.win32_1.17.0.201812190825/tools/compiler/bin/../lib/gcc/arm-none-eabi/7.3.1/../../../../arm-none-eabi/lib/thumb/v7e-m/fpv4-sp/hard\libc.a(lib_a-impure.o)
                              z:/softwares/open_stm/intallation/plugins/fr.ac6.mcu.externaltools.arm-none.win32_1.17.0.201812190825/tools/compiler/bin/../lib/gcc/arm-none-eabi/7.3.1/../../../../arm-none-eabi/lib/thumb/v7e-m/fpv4-sp/hard\libc.a(lib_a-exit.o) (_global_impure_ptr)
z:/softwares/open_stm/intallation/plugins/fr.ac6.mcu.externaltools.arm-none.win32_1.17.0.201812190825/tools/compiler/bin/../lib/gcc/arm-none-eabi/7.3.1/../../../../arm-none-eabi/lib/thumb/v7e-m/fpv4-sp/hard\libc.a(lib_a-init.o)
                              z:/softwares/open_stm/intallation/plugins/fr.ac6.mcu.externaltools.arm-none.win32_1.17.0.201812190825/tools/compiler/bin/../lib/gcc/arm-none-eabi/7.3.1/../../../../arm-none-eabi/lib/thumb/v7e-m/fpv4-sp/hard/crt0.o (__libc_init_array)
z:/softwares/open_stm/intallation/plugins/fr.ac6.mcu.externaltools.arm-none.win32_1.17.0.201812190825/tools/compiler/bin/../lib/gcc/arm-none-eabi/7.3.1/../../../../arm-none-eabi/lib/thumb/v7e-m/fpv4-sp/hard\libc.a(lib_a-memcmp.o)
                              3rd_Party/SEGGER/OS/SEGGER_SYSVIEW_FreeRTOS.o (memcmp)
z:/softwares/open_stm/intallation/plugins/fr.ac6.mcu.externaltools.arm-none.win32_1.17.0.201812190825/tools/compiler/bin/../lib/gcc/arm-none-eabi/7.3.1/../../../../arm-none-eabi/lib/thumb/v7e-m/fpv4-sp/hard\libc.a(lib_a-memcpy.o)
                              3rd_Party/SEGGER/SEGGER/SEGGER_RTT.o (memcpy)
z:/softwares/open_stm/intallation/plugins/fr.ac6.mcu.externaltools.arm-none.win32_1.17.0.201812190825/tools/compiler/bin/../lib/gcc/arm-none-eabi/7.3.1/../../../../arm-none-eabi/lib/thumb/v7e-m/fpv4-sp/hard\libc.a(lib_a-memset.o)
                              z:/softwares/open_stm/intallation/plugins/fr.ac6.mcu.externaltools.arm-none.win32_1.17.0.201812190825/tools/compiler/bin/../lib/gcc/arm-none-eabi/7.3.1/../../../../arm-none-eabi/lib/thumb/v7e-m/fpv4-sp/hard/crt0.o (memset)
z:/softwares/open_stm/intallation/plugins/fr.ac6.mcu.externaltools.arm-none.win32_1.17.0.201812190825/tools/compiler/bin/../lib/gcc/arm-none-eabi/7.3.1/../../../../arm-none-eabi/lib/thumb/v7e-m/fpv4-sp/hard\libc.a(lib_a-strlen.o)
                              3rd_Party/SEGGER/SEGGER/SEGGER_RTT.o (strlen)
z:/softwares/open_stm/intallation/plugins/fr.ac6.mcu.externaltools.arm-none.win32_1.17.0.201812190825/tools/compiler/bin/../lib/gcc/arm-none-eabi/7.3.1/../../../../arm-none-eabi/lib/thumb/v7e-m/fpv4-sp/hard\libc.a(lib_a-__call_atexit.o)
                              z:/softwares/open_stm/intallation/plugins/fr.ac6.mcu.externaltools.arm-none.win32_1.17.0.201812190825/tools/compiler/bin/../lib/gcc/arm-none-eabi/7.3.1/../../../../arm-none-eabi/lib/thumb/v7e-m/fpv4-sp/hard\libc.a(lib_a-exit.o) (__call_exitprocs)
z:/softwares/open_stm/intallation/plugins/fr.ac6.mcu.externaltools.arm-none.win32_1.17.0.201812190825/tools/compiler/bin/../lib/gcc/arm-none-eabi/7.3.1/../../../../arm-none-eabi/lib/thumb/v7e-m/fpv4-sp/hard\libc.a(lib_a-atexit.o)
                              z:/softwares/open_stm/intallation/plugins/fr.ac6.mcu.externaltools.arm-none.win32_1.17.0.201812190825/tools/compiler/bin/../lib/gcc/arm-none-eabi/7.3.1/../../../../arm-none-eabi/lib/thumb/v7e-m/fpv4-sp/hard\libc.a(lib_a-__call_atexit.o) (atexit)
z:/softwares/open_stm/intallation/plugins/fr.ac6.mcu.externaltools.arm-none.win32_1.17.0.201812190825/tools/compiler/bin/../lib/gcc/arm-none-eabi/7.3.1/../../../../arm-none-eabi/lib/thumb/v7e-m/fpv4-sp/hard\libc.a(lib_a-fini.o)
                              z:/softwares/open_stm/intallation/plugins/fr.ac6.mcu.externaltools.arm-none.win32_1.17.0.201812190825/tools/compiler/bin/../lib/gcc/arm-none-eabi/7.3.1/../../../../arm-none-eabi/lib/thumb/v7e-m/fpv4-sp/hard\libc.a(lib_a-__call_atexit.o) (__libc_fini_array)
z:/softwares/open_stm/intallation/plugins/fr.ac6.mcu.externaltools.arm-none.win32_1.17.0.201812190825/tools/compiler/bin/../lib/gcc/arm-none-eabi/7.3.1/../../../../arm-none-eabi/lib/thumb/v7e-m/fpv4-sp/hard\libc.a(lib_a-lock.o)
[...]
Memory Configuration

Name             Origin             Length             Attributes
RAM              0x20000000         0x00020000         xrw
ROM              0x08000000         0x00080000         xr
*default*        0x00000000         0xffffffff

Linker script and memory map

LOAD z:/softwares/open_stm/intallation/plugins/fr.ac6.mcu.externaltools.arm-none.win32_1.17.0.201812190825/tools/compiler/bin/../lib/gcc/arm-none-eabi/7.3.1/thumb/v7e-m/fpv4-sp/hard/crti.o
LOAD z:/softwares/open_stm/intallation/plugins/fr.ac6.mcu.externaltools.arm-none.win32_1.17.0.201812190825/tools/compiler/bin/../lib/gcc/arm-none-eabi/7.3.1/thumb/v7e-m/fpv4-sp/hard/crtbegin.o
LOAD z:/softwares/open_stm/intallation/plugins/fr.ac6.mcu.externaltools.arm-none.win32_1.17.0.201812190825/tools/compiler/bin/../lib/gcc/arm-none-eabi/7.3.1/../../../../arm-none-eabi/lib/thumb/v7e-m/fpv4-sp/hard/crt0.o
LOAD 3rd_Party/SEGGER/Config/SEGGER_SYSVIEW_Config_FreeRTOS.o
LOAD 3rd_Party/SEGGER/OS/SEGGER_SYSVIEW_FreeRTOS.o
LOAD 3rd_Party/SEGGER/SEGGER/SEGGER_RTT.o
LOAD 3rd_Party/SEGGER/SEGGER/SEGGER_SYSVIEW.o
LOAD 3rd_Party/freeRTOS/org/Source/croutine.o
LOAD 3rd_Party/freeRTOS/org/Source/event_groups.o
LOAD 3rd_Party/freeRTOS/org/Source/list.o
LOAD 3rd_Party/freeRTOS/org/Source/queue.o
LOAD 3rd_Party/freeRTOS/org/Source/stream_buffer.o
LOAD 3rd_Party/freeRTOS/org/Source/tasks.o
LOAD 3rd_Party/freeRTOS/org/Source/timers.o
LOAD 3rd_Party/freeRTOS/org/Source/portable/GCC/ARM_CM4F/port.o
LOAD 3rd_Party/freeRTOS/org/Source/portable/MemMang/heap_4.o
LOAD StdPeriph_Driver/src/misc.o
LOAD StdPeriph_Driver/src/stm32f4xx_adc.o
LOAD StdPeriph_Driver/src/stm32f4xx_can.o
LOAD StdPeriph_Driver/src/stm32f4xx_cec.o
LOAD StdPeriph_Driver/src/stm32f4xx_crc.o
LOAD StdPeriph_Driver/src/stm32f4xx_cryp.o
LOAD StdPeriph_Driver/src/stm32f4xx_cryp_aes.o
LOAD StdPeriph_Driver/src/stm32f4xx_cryp_des.o
LOAD StdPeriph_Driver/src/stm32f4xx_cryp_tdes.o
LOAD StdPeriph_Driver/src/stm32f4xx_dac.o
LOAD StdPeriph_Driver/src/stm32f4xx_dbgmcu.o
LOAD StdPeriph_Driver/src/stm32f4xx_dcmi.o
LOAD StdPeriph_Driver/src/stm32f4xx_dfsdm.o
LOAD StdPeriph_Driver/src/stm32f4xx_dma.o
LOAD StdPeriph_Driver/src/stm32f4xx_dma2d.o
LOAD StdPeriph_Driver/src/stm32f4xx_dsi.o
LOAD StdPeriph_Driver/src/stm32f4xx_exti.o
LOAD StdPeriph_Driver/src/stm32f4xx_flash.o
LOAD StdPeriph_Driver/src/stm32f4xx_flash_ramfunc.o
LOAD StdPeriph_Driver/src/stm32f4xx_fmc.o
LOAD StdPeriph_Driver/src/stm32f4xx_fmip2c.o
LOAD StdPeriph_Driver/src/stm32f4xx_fsmc.o
LOAD StdPeriph_Driver/src/stm32f4xx_gpio.o
LOAD StdPeriph_Driver/src/stm32f4xx_hash.o
LOAD StdPeriph_Driver/src/stm32f4xx_hash_md5.o
LOAD StdPeriph_Driver/src/stm32f4xx_hash_sha1.o
LOAD StdPeriph_Driver/src/stm32f4xx_i2c.o
LOAD StdPeriph_Driver/src/stm32f4xx_iwdg.o
LOAD StdPeriph_Driver/src/stm32f4xx_lptim.o
LOAD StdPeriph_Driver/src/stm32f4xx_ltdc.o
LOAD StdPeriph_Driver/src/stm32f4xx_pwr.o
LOAD StdPeriph_Driver/src/stm32f4xx_qspi.o
LOAD StdPeriph_Driver/src/stm32f4xx_rcc.o
LOAD StdPeriph_Driver/src/stm32f4xx_rng.o
LOAD StdPeriph_Driver/src/stm32f4xx_rtc.o
LOAD StdPeriph_Driver/src/stm32f4xx_sai.o
LOAD StdPeriph_Driver/src/stm32f4xx_sdio.o
LOAD StdPeriph_Driver/src/stm32f4xx_spdifrx.o
LOAD StdPeriph_Driver/src/stm32f4xx_spi.o
LOAD StdPeriph_Driver/src/stm32f4xx_syscfg.o
LOAD StdPeriph_Driver/src/stm32f4xx_tim.o
LOAD StdPeriph_Driver/src/stm32f4xx_usart.o
LOAD StdPeriph_Driver/src/stm32f4xx_wwdg.o
LOAD src/main.o
LOAD src/syscalls.o
LOAD src/system_stm32f4xx.o
LOAD startup/startup_stm32.o
LOAD z:/softwares/open_stm/intallation/plugins/fr.ac6.mcu.externaltools.arm-none.win32_1.17.0.201812190825/tools/compiler/bin/../lib/gcc/arm-none-eabi/7.3.1/../../../../arm-none-eabi/lib/thumb/v7e-m/fpv4-sp/hard\libm.a
START GROUP
LOAD z:/softwares/open_stm/intallation/plugins/fr.ac6.mcu.externaltools.arm-none.win32_1.17.0.201812190825/tools/compiler/bin/../lib/gcc/arm-none-eabi/7.3.1/thumb/v7e-m/fpv4-sp/hard\libgcc.a
LOAD z:/softwares/open_stm/intallation/plugins/fr.ac6.mcu.externaltools.arm-none.win32_1.17.0.201812190825/tools/compiler/bin/../lib/gcc/arm-none-eabi/7.3.1/../../../../arm-none-eabi/lib/thumb/v7e-m/fpv4-sp/hard\libc.a
END GROUP
LOAD z:/softwares/open_stm/intallation/plugins/fr.ac6.mcu.externaltools.arm-none.win32_1.17.0.201812190825/tools/compiler/bin/../lib/gcc/arm-none-eabi/7.3.1/thumb/v7e-m/fpv4-sp/hard/crtend.o
LOAD z:/softwares/open_stm/intallation/plugins/fr.ac6.mcu.externaltools.arm-none.win32_1.17.0.201812190825/tools/compiler/bin/../lib/gcc/arm-none-eabi/7.3.1/thumb/v7e-m/fpv4-sp/hard/crtn.o
                0x20020000                _estack = 0x20020000
                0x00000000                _Min_Heap_Size = 0x0
                0x00000400                _Min_Stack_Size = 0x400

.isr_vector     0x08000000      0x1c4
                0x08000000                . = ALIGN (0x4)
 *(.isr_vector)
 .isr_vector    0x08000000      0x1c4 startup/startup_stm32.o
                0x08000000                g_pfnVectors
                0x080001c4                . = ALIGN (0x4)

.text           0x080001d0     0x38bc
                0x080001d0                . = ALIGN (0x4)
 *(.text)
 .text          0x080001d0       0x40 z:/softwares/open_stm/intallation/plugins/fr.ac6.mcu.externaltools.arm-none.win32_1.17.0.201812190825/tools/compiler/bin/../lib/gcc/arm-none-eabi/7.3.1/thumb/v7e-m/fpv4-sp/hard/crtbegin.o
 .text          0x08000210      0x134 z:/softwares/open_stm/intallation/plugins/fr.ac6.mcu.externaltools.arm-none.win32_1.17.0.201812190825/tools/compiler/bin/../lib/gcc/arm-none-eabi/7.3.1/../../../../arm-none-eabi/lib/thumb/v7e-m/fpv4-sp/hard\libc.a(lib_a-memcpy.o)
                0x08000210                memcpy
 *(.text*)
 .text._cbSendTaskList
                0x08000344       0x90 3rd_Party/SEGGER/OS/SEGGER_SYSVIEW_FreeRTOS.o
 .text._cbGetTime
                0x080003d4       0x76 3rd_Party/SEGGER/OS/SEGGER_SYSVIEW_FreeRTOS.o
 *fill*         0x0800044a        0x2 
 .text.SYSVIEW_AddTask
                0x0800044c       0xd0 3rd_Party/SEGGER/OS/SEGGER_SYSVIEW_FreeRTOS.o
                0x0800044c                SYSVIEW_AddTask
 .text.SYSVIEW_SendTaskInfo
                0x0800051c       0x42 3rd_Party/SEGGER/OS/SEGGER_SYSVIEW_FreeRTOS.o
                0x0800051c                SYSVIEW_SendTaskInfo
 *fill*         0x0800055e        0x2 
 .text._DoInit  0x08000560       0xa4 3rd_Party/SEGGER/SEGGER/SEGGER_RTT.o
 .text.SEGGER_RTT_ReadNoLock
                0x08000604      0x104 3rd_Party/SEGGER/SEGGER/SEGGER_RTT.o
                0x08000604                SEGGER_RTT_ReadNoLock
 .text.SEGGER_RTT_WriteSkipNoLock
                0x08000708      0x120 3rd_Party/SEGGER/SEGGER/SEGGER_RTT.o
                0x08000708                SEGGER_RTT_WriteSkipNoLock
 .text._EncodeStr
                0x08000828       0x9a 3rd_Party/SEGGER/SEGGER/SEGGER_SYSVIEW.o
 .text._PreparePacket
                0x080008c2       0x18 3rd_Party/SEGGER/SEGGER/SEGGER_SYSVIEW.o
 .text._HandleIncomingPacket
                0x080008da       0xb8 3rd_Party/SEGGER/SEGGER/SEGGER_SYSVIEW.o
 *fill*         0x08000992        0x2 
 .text._TrySendOverflowPacket
                0x08000994       0xe0 3rd_Party/SEGGER/SEGGER/SEGGER_SYSVIEW.o
 .text._SendPacket
                0x08000a74      0x1a8 3rd_Party/SEGGER/SEGGER/SEGGER_SYSVIEW.o
 .text.SEGGER_SYSVIEW_RecordVoid
                0x08000c1c       0x3c 3rd_Party/SEGGER/SEGGER/SEGGER_SYSVIEW.o
                0x08000c1c                SEGGER_SYSVIEW_RecordVoid
 .text.SEGGER_SYSVIEW_RecordU32
                0x08000c58       0x78 3rd_Party/SEGGER/SEGGER/SEGGER_SYSVIEW.o
                0x08000c58                SEGGER_SYSVIEW_RecordU32
 .text.SEGGER_SYSVIEW_RecordU32x2
                0x08000cd0       0xb4 3rd_Party/SEGGER/SEGGER/SEGGER_SYSVIEW.o
                0x08000cd0                SEGGER_SYSVIEW_RecordU32x2
 .text.SEGGER_SYSVIEW_Start
                0x08000d84      0x178 3rd_Party/SEGGER/SEGGER/SEGGER_SYSVIEW.o
                0x08000d84                SEGGER_SYSVIEW_Start
 .text.SEGGER_SYSVIEW_Stop
                0x08000efc       0x4c 3rd_Party/SEGGER/SEGGER/SEGGER_SYSVIEW.o
                0x08000efc                SEGGER_SYSVIEW_Stop
 .text.SEGGER_SYSVIEW_GetSysDesc
                0x08000f48      0x134 3rd_Party/SEGGER/SEGGER/SEGGER_SYSVIEW.o
                0x08000f48                SEGGER_SYSVIEW_GetSysDesc
 .text.SEGGER_SYSVIEW_SendTaskInfo
                0x0800107c      0x1cc 3rd_Party/SEGGER/SEGGER/SEGGER_SYSVIEW.o
                0x0800107c                SEGGER_SYSVIEW_SendTaskInfo
 .text.SEGGER_SYSVIEW_SendTaskList
                0x08001248       0x28 3rd_Party/SEGGER/SEGGER/SEGGER_SYSVIEW.o
                0x08001248                SEGGER_SYSVIEW_SendTaskList
 .text.SEGGER_SYSVIEW_RecordSystime
                0x08001270       0x60 3rd_Party/SEGGER/SEGGER/SEGGER_SYSVIEW.o
                0x08001270                SEGGER_SYSVIEW_RecordSystime
 .text.SEGGER_SYSVIEW_RecordEnterISR
                0x080012d0       0x84 3rd_Party/SEGGER/SEGGER/SEGGER_SYSVIEW.o
                0x080012d0                SEGGER_SYSVIEW_RecordEnterISR
 .text.SEGGER_SYSVIEW_RecordExitISR
                0x08001354       0x38 3rd_Party/SEGGER/SEGGER/SEGGER_SYSVIEW.o
                0x08001354                SEGGER_SYSVIEW_RecordExitISR
 .text.SEGGER_SYSVIEW_RecordExitISRToScheduler
                0x0800138c       0x38 3rd_Party/SEGGER/SEGGER/SEGGER_SYSVIEW.o
                0x0800138c                SEGGER_SYSVIEW_RecordExitISRToScheduler
 .text.SEGGER_SYSVIEW_OnIdle
                0x080013c4       0x38 3rd_Party/SEGGER/SEGGER/SEGGER_SYSVIEW.o
                0x080013c4                SEGGER_SYSVIEW_OnIdle
 .text.SEGGER_SYSVIEW_OnTaskCreate
                0x080013fc       0x88 3rd_Party/SEGGER/SEGGER/SEGGER_SYSVIEW.o
                0x080013fc                SEGGER_SYSVIEW_OnTaskCreate
 .text.SEGGER_SYSVIEW_OnTaskStartExec
                0x08001484       0x88 3rd_Party/SEGGER/SEGGER/SEGGER_SYSVIEW.o
                0x08001484                SEGGER_SYSVIEW_OnTaskStartExec
 .text.SEGGER_SYSVIEW_OnTaskStartReady
                0x0800150c       0x88 3rd_Party/SEGGER/SEGGER/SEGGER_SYSVIEW.o
                0x0800150c                SEGGER_SYSVIEW_OnTaskStartReady
 .text.SEGGER_SYSVIEW_SendModule
                0x08001594      0x100 3rd_Party/SEGGER/SEGGER/SEGGER_SYSVIEW.o
                0x08001594                SEGGER_SYSVIEW_SendModule
 .text.SEGGER_SYSVIEW_SendModuleDescription
                0x08001694       0x3c 3rd_Party/SEGGER/SEGGER/SEGGER_SYSVIEW.o
                0x08001694                SEGGER_SYSVIEW_SendModuleDescription
 .text.SEGGER_SYSVIEW_SendNumModules
                0x080016d0       0x7c 3rd_Party/SEGGER/SEGGER/SEGGER_SYSVIEW.o
                0x080016d0                SEGGER_SYSVIEW_SendNumModules
 .text.SEGGER_SYSVIEW_Warn
                0x0800174c       0xb8 3rd_Party/SEGGER/SEGGER/SEGGER_SYSVIEW.o
                0x0800174c                SEGGER_SYSVIEW_Warn
 .text.vListInitialise
                0x08001804       0x40 3rd_Party/freeRTOS/org/Source/list.o
                0x08001804                vListInitialise
 .text.vListInitialiseItem
                0x08001844       0x1a 3rd_Party/freeRTOS/org/Source/list.o
                0x08001844                vListInitialiseItem
 .text.vListInsertEnd
                0x0800185e       0x48 3rd_Party/freeRTOS/org/Source/list.o
                0x0800185e                vListInsertEnd
 .text.uxListRemove
                0x080018a6       0x54 3rd_Party/freeRTOS/org/Source/list.o
                0x080018a6                uxListRemove
 .text.xTaskCreate
                0x080018fa       0x82 3rd_Party/freeRTOS/org/Source/tasks.o
                0x080018fa                xTaskCreate
 .text.prvInitialiseNewTask
                0x0800197c      0x11c 3rd_Party/freeRTOS/org/Source/tasks.o
 .text.prvAddNewTaskToReadyList
                0x08001a98      0x118 3rd_Party/freeRTOS/org/Source/tasks.o
 .text.vTaskStartScheduler
                0x08001bb0       0xac 3rd_Party/freeRTOS/org/Source/tasks.o
                0x08001bb0                vTaskStartScheduler
 .text.vTaskSuspendAll
                0x08001c5c       0x1c 3rd_Party/freeRTOS/org/Source/tasks.o
                0x08001c5c                vTaskSuspendAll
 .text.xTaskResumeAll
                0x08001c78      0x140 3rd_Party/freeRTOS/org/Source/tasks.o
                0x08001c78                xTaskResumeAll
 .text.xTaskGetTickCountFromISR
                0x08001db8       0x24 3rd_Party/freeRTOS/org/Source/tasks.o
                0x08001db8                xTaskGetTickCountFromISR
 .text.xTaskIncrementTick
                0x08001ddc      0x178 3rd_Party/freeRTOS/org/Source/tasks.o
                0x08001ddc                xTaskIncrementTick
 .text.vTaskSwitchContext
                0x08001f54       0xd0 3rd_Party/freeRTOS/org/Source/tasks.o
                0x08001f54                vTaskSwitchContext
 .text.prvIdleTask
                0x08002024       0x30 3rd_Party/freeRTOS/org/Source/tasks.o
 .text.prvInitialiseTaskLists
                0x08002054       0x80 3rd_Party/freeRTOS/org/Source/tasks.o
 .text.prvCheckTasksWaitingTermination
                0x080020d4       0x58 3rd_Party/freeRTOS/org/Source/tasks.o
 .text.prvDeleteTCB
                0x0800212c       0x20 3rd_Party/freeRTOS/org/Source/tasks.o
 .text.prvResetNextTaskUnblockTime
                0x0800214c       0x40 3rd_Party/freeRTOS/org/Source/tasks.o
 .text.pxPortInitialiseStack
                0x0800218c       0x68 3rd_Party/freeRTOS/org/Source/portable/GCC/ARM_CM4F/port.o
                0x0800218c                pxPortInitialiseStack
 .text.prvTaskExitError
                0x080021f4       0x54 3rd_Party/freeRTOS/org/Source/portable/GCC/ARM_CM4F/port.o
 *fill*         0x08002248        0x8 
 .text.SVC_Handler
                0x08002250       0x28 3rd_Party/freeRTOS/org/Source/portable/GCC/ARM_CM4F/port.o
                0x08002250                SVC_Handler
 .text.prvPortStartFirstTask
                0x08002278       0x28 3rd_Party/freeRTOS/org/Source/portable/GCC/ARM_CM4F/port.o
 .text.xPortStartScheduler
                0x080022a0      0x13c 3rd_Party/freeRTOS/org/Source/portable/GCC/ARM_CM4F/port.o
                0x080022a0                xPortStartScheduler
 .text.vPortEnterCritical
                0x080023dc       0x5c 3rd_Party/freeRTOS/org/Source/portable/GCC/ARM_CM4F/port.o
                0x080023dc                vPortEnterCritical
 .text.vPortExitCritical
                0x08002438       0x50 3rd_Party/freeRTOS/org/Source/portable/GCC/ARM_CM4F/port.o
                0x08002438                vPortExitCritical
 *fill*         0x08002488        0x8 
 .text.PendSV_Handler
                0x08002490       0x68 3rd_Party/freeRTOS/org/Source/portable/GCC/ARM_CM4F/port.o
                0x08002490                PendSV_Handler
 .text.SysTick_Handler
                0x080024f8       0x50 3rd_Party/freeRTOS/org/Source/portable/GCC/ARM_CM4F/port.o
                0x080024f8                SysTick_Handler
 .text.vPortSetupTimerInterrupt
                0x08002548       0x48 3rd_Party/freeRTOS/org/Source/portable/GCC/ARM_CM4F/port.o
                0x08002548                vPortSetupTimerInterrupt
 .text.vPortEnableVFP
                0x08002590       0x14 3rd_Party/freeRTOS/org/Source/portable/GCC/ARM_CM4F/port.o
 .text.vPortValidateInterruptPriority
                0x080025a4       0x7c 3rd_Party/freeRTOS/org/Source/portable/GCC/ARM_CM4F/port.o
                0x080025a4                vPortValidateInterruptPriority
 .text.pvPortMalloc
                0x08002620      0x184 3rd_Party/freeRTOS/org/Source/portable/MemMang/heap_4.o
                0x08002620                pvPortMalloc
 .text.vPortFree
                0x080027a4       0xb0 3rd_Party/freeRTOS/org/Source/portable/MemMang/heap_4.o
                0x080027a4                vPortFree
 .text.prvHeapInit
                0x08002854       0xc4 3rd_Party/freeRTOS/org/Source/portable/MemMang/heap_4.o
 .text.prvInsertBlockIntoFreeList
                0x08002918       0xb4 3rd_Party/freeRTOS/org/Source/portable/MemMang/heap_4.o
 .text.EXTI_Init
                0x080029cc       0xe4 StdPeriph_Driver/src/stm32f4xx_exti.o
                0x080029cc                EXTI_Init
 .text.EXTI_ClearITPendingBit
                0x08002ab0       0x20 StdPeriph_Driver/src/stm32f4xx_exti.o
                0x08002ab0                EXTI_ClearITPendingBit
 .text.GPIO_Init
                0x08002ad0      0x11c StdPeriph_Driver/src/stm32f4xx_gpio.o
                0x08002ad0                GPIO_Init
 .text.GPIO_WriteBit
                0x08002bec       0x30 StdPeriph_Driver/src/stm32f4xx_gpio.o
                0x08002bec                GPIO_WriteBit
 .text.GPIO_PinAFConfig
                0x08002c1c       0x92 StdPeriph_Driver/src/stm32f4xx_gpio.o
                0x08002c1c                GPIO_PinAFConfig
 *fill*         0x08002cae        0x2 
 .text.RCC_DeInit
                0x08002cb0       0x70 StdPeriph_Driver/src/stm32f4xx_rcc.o
                0x08002cb0                RCC_DeInit
 .text.RCC_GetClocksFreq
                0x08002d20      0x1f4 StdPeriph_Driver/src/stm32f4xx_rcc.o
                0x08002d20                RCC_GetClocksFreq
 .text.RCC_AHB1PeriphClockCmd
                0x08002f14       0x40 StdPeriph_Driver/src/stm32f4xx_rcc.o
                0x08002f14                RCC_AHB1PeriphClockCmd
 .text.RCC_APB1PeriphClockCmd
                0x08002f54       0x40 StdPeriph_Driver/src/stm32f4xx_rcc.o
                0x08002f54                RCC_APB1PeriphClockCmd
 .text.RCC_APB2PeriphClockCmd
                0x08002f94       0x40 StdPeriph_Driver/src/stm32f4xx_rcc.o
                0x08002f94                RCC_APB2PeriphClockCmd
 .text.SYSCFG_EXTILineConfig
                0x08002fd4       0x84 StdPeriph_Driver/src/stm32f4xx_syscfg.o
                0x08002fd4                SYSCFG_EXTILineConfig
 .text.USART_Init
                0x08003058      0x174 StdPeriph_Driver/src/stm32f4xx_usart.o
                0x08003058                USART_Init
 .text.USART_Cmd
                0x080031cc       0x40 StdPeriph_Driver/src/stm32f4xx_usart.o
                0x080031cc                USART_Cmd
 .text.NVIC_EnableIRQ
                0x0800320c       0x34 src/main.o
 .text.NVIC_SetPriority
                0x08003240       0x54 src/main.o
 .text.main     0x08003294       0x34 src/main.o
                0x08003294                main
 .text.ledTask_Handler
                0x080032c8       0x30 src/main.o
                0x080032c8                ledTask_Handler
 .text.Button_Handler
                0x080032f8       0x28 src/main.o
                0x080032f8                Button_Handler
 .text.prvSetupUART
                0x08003320       0x9c src/main.o
 .text.prvSetupGPIO
                0x080033bc       0xa4 src/main.o
 .text.prvSetuphardware
                0x08003460       0x10 src/main.o
 .text.EXTI15_10_IRQHandler
                0x08003470       0x1e src/main.o
                0x08003470                EXTI15_10_IRQHandler
 *fill*         0x0800348e        0x2 
 .text.SystemInit
                0x08003490       0x6c src/system_stm32f4xx.o
                0x08003490                SystemInit
 .text.SystemCoreClockUpdate
                0x080034fc      0x19c src/system_stm32f4xx.o
                0x080034fc                SystemCoreClockUpdate
 .text.SetSysClock
                0x08003698      0x12c src/system_stm32f4xx.o
 .text.Reset_Handler
                0x080037c4       0x50 startup/startup_stm32.o
                0x080037c4                Reset_Handler
 .text.Default_Handler
                0x08003814        0x2 startup/startup_stm32.o
                0x08003814                RTC_Alarm_IRQHandler
                0x08003814                EXTI2_IRQHandler
                0x08003814                TIM8_CC_IRQHandler
                0x08003814                SPDIF_Rx_IRQHandler
                0x08003814                DebugMon_Handler
                0x08003814                SPI4_IRQHandler
                0x08003814                TIM1_CC_IRQHandler
                0x08003814                QuadSPI_IRQHandler
                0x08003814                DMA2_Stream5_IRQHandler
                0x08003814                HardFault_Handler
                0x08003814                DMA1_Stream5_IRQHandler
                0x08003814                PVD_IRQHandler
                0x08003814                SDIO_IRQHandler
                0x08003814                TAMP_STAMP_IRQHandler
                0x08003814                NMI_Handler
                0x08003814                CAN2_RX1_IRQHandler
                0x08003814                EXTI3_IRQHandler
                0x08003814                TIM8_TRG_COM_TIM14_IRQHandler
                0x08003814                TIM1_UP_TIM10_IRQHandler
                0x08003814                FMPI2C1_error_IRQHandler
                0x08003814                TIM8_UP_TIM13_IRQHandler
                0x08003814                I2C3_ER_IRQHandler
                0x08003814                EXTI0_IRQHandler
                0x08003814                I2C2_EV_IRQHandler
                0x08003814                DMA1_Stream2_IRQHandler
                0x08003814                CAN1_RX0_IRQHandler
                0x08003814                FPU_IRQHandler
                0x08003814                OTG_HS_WKUP_IRQHandler
                0x08003814                UsageFault_Handler
                0x08003814                CAN2_SCE_IRQHandler
                0x08003814                DMA2_Stream2_IRQHandler
                0x08003814                SPI1_IRQHandler
                0x08003814                TIM6_DAC_IRQHandler
                0x08003814                TIM1_BRK_TIM9_IRQHandler
                0x08003814                DCMI_IRQHandler
                0x08003814                CAN2_RX0_IRQHandler
                0x08003814                DMA2_Stream3_IRQHandler
                0x08003814                FMPI2C1_IRQHandler
                0x08003814                SAI2_IRQHandler
                0x08003814                USART6_IRQHandler
                0x08003814                USART3_IRQHandler
                0x08003814                CAN1_RX1_IRQHandler
                0x08003814                UART5_IRQHandler
                0x08003814                DMA2_Stream0_IRQHandler
                0x08003814                TIM4_IRQHandler
                0x08003814                I2C1_EV_IRQHandler
                0x08003814                HDMI_CEC_IRQHandler
                0x08003814                DMA1_Stream6_IRQHandler
                0x08003814                DMA1_Stream1_IRQHandler
                0x08003814                UART4_IRQHandler
                0x08003814                TIM3_IRQHandler
                0x08003814                RCC_IRQHandler
                0x08003814                TIM8_BRK_TIM12_IRQHandler
                0x08003814                Default_Handler
                0x08003814                ADC_IRQHandler
                0x08003814                DMA1_Stream7_IRQHandler
                0x08003814                TIM7_IRQHandler
                0x08003814                CAN2_TX_IRQHandler
                0x08003814                TIM5_IRQHandler
                0x08003814                DMA2_Stream7_IRQHandler
                0x08003814                I2C3_EV_IRQHandler
                0x08003814                EXTI9_5_IRQHandler
                0x08003814                RTC_WKUP_IRQHandler
                0x08003814                SPI2_IRQHandler
                0x08003814                OTG_HS_EP1_IN_IRQHandler
                0x08003814                MemManage_Handler
                0x08003814                DMA1_Stream0_IRQHandler
                0x08003814                CAN1_TX_IRQHandler
                0x08003814                EXTI4_IRQHandler
                0x08003814                OTG_HS_EP1_OUT_IRQHandler
                0x08003814                WWDG_IRQHandler
                0x08003814                TIM2_IRQHandler
                0x08003814                OTG_FS_WKUP_IRQHandler
                0x08003814                TIM1_TRG_COM_TIM11_IRQHandler
                0x08003814                OTG_HS_IRQHandler
                0x08003814                EXTI1_IRQHandler
                0x08003814                USART2_IRQHandler
                0x08003814                I2C2_ER_IRQHandler
                0x08003814                DMA2_Stream1_IRQHandler
                0x08003814                CAN1_SCE_IRQHandler
                0x08003814                FLASH_IRQHandler
                0x08003814                DMA2_Stream4_IRQHandler
                0x08003814                BusFault_Handler
                0x08003814                USART1_IRQHandler
                0x08003814                OTG_FS_IRQHandler
                0x08003814                SPI3_IRQHandler
                0x08003814                DMA1_Stream4_IRQHandler
                0x08003814                I2C1_ER_IRQHandler
                0x08003814                FMC_IRQHandler
                0x08003814                DMA2_Stream6_IRQHandler
                0x08003814                SAI1_IRQHandler
                0x08003814                DMA1_Stream3_IRQHandler
 *fill*         0x08003816        0x2 
 .text.__libc_init_array
                0x08003818       0x48 z:/softwares/open_stm/intallation/plugins/fr.ac6.mcu.externaltools.arm-none.win32_1.17.0.201812190825/tools/compiler/bin/../lib/gcc/arm-none-eabi/7.3.1/../../../../arm-none-eabi/lib/thumb/v7e-m/fpv4-sp/hard\libc.a(lib_a-init.o)
                0x08003818                __libc_init_array
 .text.memcmp   0x08003860       0x64 z:/softwares/open_stm/intallation/plugins/fr.ac6.mcu.externaltools.arm-none.win32_1.17.0.201812190825/tools/compiler/bin/../lib/gcc/arm-none-eabi/7.3.1/../../../../arm-none-eabi/lib/thumb/v7e-m/fpv4-sp/hard\libc.a(lib_a-memcmp.o)
                0x08003860                memcmp
 .text.memset   0x080038c4       0x94 z:/softwares/open_stm/intallation/plugins/fr.ac6.mcu.externaltools.arm-none.win32_1.17.0.201812190825/tools/compiler/bin/../lib/gcc/arm-none-eabi/7.3.1/../../../../arm-none-eabi/lib/thumb/v7e-m/fpv4-sp/hard\libc.a(lib_a-memset.o)
                0x080038c4                memset
 .text.startup.register_fini
                0x08003958       0x14 z:/softwares/open_stm/intallation/plugins/fr.ac6.mcu.externaltools.arm-none.win32_1.17.0.201812190825/tools/compiler/bin/../lib/gcc/arm-none-eabi/7.3.1/../../../../arm-none-eabi/lib/thumb/v7e-m/fpv4-sp/hard\libc.a(lib_a-__call_atexit.o)
 .text.atexit   0x0800396c        0xc z:/softwares/open_stm/intallation/plugins/fr.ac6.mcu.externaltools.arm-none.win32_1.17.0.201812190825/tools/compiler/bin/../lib/gcc/arm-none-eabi/7.3.1/../../../../arm-none-eabi/lib/thumb/v7e-m/fpv4-sp/hard\libc.a(lib_a-atexit.o)
                0x0800396c                atexit
 .text.__libc_fini_array
                0x08003978       0x34 z:/softwares/open_stm/intallation/plugins/fr.ac6.mcu.externaltools.arm-none.win32_1.17.0.201812190825/tools/compiler/bin/../lib/gcc/arm-none-eabi/7.3.1/../../../../arm-none-eabi/lib/thumb/v7e-m/fpv4-sp/hard\libc.a(lib_a-fini.o)
                0x08003978                __libc_fini_array
 .text.__retarget_lock_acquire_recursive
                0x080039ac        0x4 z:/softwares/open_stm/intallation/plugins/fr.ac6.mcu.externaltools.arm-none.win32_1.17.0.201812190825/tools/compiler/bin/../lib/gcc/arm-none-eabi/7.3.1/../../../../arm-none-eabi/lib/thumb/v7e-m/fpv4-sp/hard\libc.a(lib_a-lock.o)
                0x080039ac                __retarget_lock_acquire_recursive
 .text.__retarget_lock_release_recursive
                0x080039b0        0x4 z:/softwares/open_stm/intallation/plugins/fr.ac6.mcu.externaltools.arm-none.win32_1.17.0.201812190825/tools/compiler/bin/../lib/gcc/arm-none-eabi/7.3.1/../../../../arm-none-eabi/lib/thumb/v7e-m/fpv4-sp/hard\libc.a(lib_a-lock.o)
                0x080039b0                __retarget_lock_release_recursive
 .text.__register_exitproc
                0x080039b4       0xc0 z:/softwares/open_stm/intallation/plugins/fr.ac6.mcu.externaltools.arm-none.win32_1.17.0.201812190825/tools/compiler/bin/../lib/gcc/arm-none-eabi/7.3.1/../../../../arm-none-eabi/lib/thumb/v7e-m/fpv4-sp/hard\libc.a(lib_a-__atexit.o)
                0x080039b4                __register_exitproc
 *(.glue_7)
 .glue_7        0x08003a74        0x0 linker stubs
 *(.glue_7t)
 .glue_7t       0x08003a74        0x0 linker stubs
 *(.eh_frame)
 .eh_frame      0x08003a74        0x0 z:/softwares/open_stm/intallation/plugins/fr.ac6.mcu.externaltools.arm-none.win32_1.17.0.201812190825/tools/compiler/bin/../lib/gcc/arm-none-eabi/7.3.1/thumb/v7e-m/fpv4-sp/hard/crtbegin.o
 *(.init)
 .init          0x08003a74        0x4 z:/softwares/open_stm/intallation/plugins/fr.ac6.mcu.externaltools.arm-none.win32_1.17.0.201812190825/tools/compiler/bin/../lib/gcc/arm-none-eabi/7.3.1/thumb/v7e-m/fpv4-sp/hard/crti.o
                0x08003a74                _init
 .init          0x08003a78        0x8 z:/softwares/open_stm/intallation/plugins/fr.ac6.mcu.externaltools.arm-none.win32_1.17.0.201812190825/tools/compiler/bin/../lib/gcc/arm-none-eabi/7.3.1/thumb/v7e-m/fpv4-sp/hard/crtn.o
 *(.fini)
 .fini          0x08003a80        0x4 z:/softwares/open_stm/intallation/plugins/fr.ac6.mcu.externaltools.arm-none.win32_1.17.0.201812190825/tools/compiler/bin/../lib/gcc/arm-none-eabi/7.3.1/thumb/v7e-m/fpv4-sp/hard/crti.o
                0x08003a80                _fini
 .fini          0x08003a84        0x8 z:/softwares/open_stm/intallation/plugins/fr.ac6.mcu.externaltools.arm-none.win32_1.17.0.201812190825/tools/compiler/bin/../lib/gcc/arm-none-eabi/7.3.1/thumb/v7e-m/fpv4-sp/hard/crtn.o
                0x08003a8c                . = ALIGN (0x4)
                0x08003a8c                _etext = .

.vfp11_veneer   0x08003a8c        0x0
 .vfp11_veneer  0x08003a8c        0x0 linker stubs

.v4_bx          0x08003a8c        0x0
 .v4_bx         0x08003a8c        0x0 linker stubs

.iplt           0x08003a8c        0x0
 .iplt          0x08003a8c        0x0 z:/softwares/open_stm/intallation/plugins/fr.ac6.mcu.externaltools.arm-none.win32_1.17.0.201812190825/tools/compiler/bin/../lib/gcc/arm-none-eabi/7.3.1/thumb/v7e-m/fpv4-sp/hard/crtbegin.o

.rodata         0x08003a8c       0xb4
                0x08003a8c                . = ALIGN (0x4)
 *(.rodata)
 .rodata        0x08003a8c       0x60 3rd_Party/SEGGER/OS/SEGGER_SYSVIEW_FreeRTOS.o
                0x08003ae4                SYSVIEW_X_OS_TraceAPI
 .rodata        0x08003aec       0x17 3rd_Party/SEGGER/SEGGER/SEGGER_RTT.o
 *fill*         0x08003b03        0x1 
 .rodata        0x08003b04       0x24 3rd_Party/SEGGER/SEGGER/SEGGER_SYSVIEW.o
 .rodata        0x08003b28        0x5 3rd_Party/freeRTOS/org/Source/tasks.o
 *fill*         0x08003b2d        0x3 
 .rodata        0x08003b30        0x9 src/main.o
 *(.rodata*)
 *fill*         0x08003b39        0x3 
 .rodata._global_impure_ptr
                0x08003b3c        0x4 z:/softwares/open_stm/intallation/plugins/fr.ac6.mcu.externaltools.arm-none.win32_1.17.0.201812190825/tools/compiler/bin/../lib/gcc/arm-none-eabi/7.3.1/../../../../arm-none-eabi/lib/thumb/v7e-m/fpv4-sp/hard\libc.a(lib_a-impure.o)
                0x08003b3c                _global_impure_ptr
                0x08003b40                . = ALIGN (0x4)

.rel.dyn        0x08003b40        0x0
 .rel.iplt      0x08003b40        0x0 z:/softwares/open_stm/intallation/plugins/fr.ac6.mcu.externaltools.arm-none.win32_1.17.0.201812190825/tools/compiler/bin/../lib/gcc/arm-none-eabi/7.3.1/thumb/v7e-m/fpv4-sp/hard/crtbegin.o

.ARM.extab      0x08003b40        0x0
                0x08003b40                . = ALIGN (0x4)
 *(.ARM.extab* .gnu.linkonce.armextab.*)
                0x08003b40                . = ALIGN (0x4)

.ARM            0x08003b40        0x0
                0x08003b40                . = ALIGN (0x4)
                0x08003b40                __exidx_start = .
 *(.ARM.exidx*)
                0x08003b40                __exidx_end = .
                0x08003b40                . = ALIGN (0x4)

.preinit_array  0x08003b40        0x0
                0x08003b40                . = ALIGN (0x4)
                0x08003b40                PROVIDE (__preinit_array_start = .)
 *(.preinit_array*)
                0x08003b40                PROVIDE (__preinit_array_end = .)
                0x08003b40                . = ALIGN (0x4)

.init_array     0x08003b40        0x8
                0x08003b40                . = ALIGN (0x4)
                0x08003b40                PROVIDE (__init_array_start = .)
 *(SORT_BY_NAME(.init_array.*))
 .init_array.00000
                0x08003b40        0x4 z:/softwares/open_stm/intallation/plugins/fr.ac6.mcu.externaltools.arm-none.win32_1.17.0.201812190825/tools/compiler/bin/../lib/gcc/arm-none-eabi/7.3.1/../../../../arm-none-eabi/lib/thumb/v7e-m/fpv4-sp/hard\libc.a(lib_a-__call_atexit.o)
 *(.init_array*)
 .init_array    0x08003b44        0x4 z:/softwares/open_stm/intallation/plugins/fr.ac6.mcu.externaltools.arm-none.win32_1.17.0.201812190825/tools/compiler/bin/../lib/gcc/arm-none-eabi/7.3.1/thumb/v7e-m/fpv4-sp/hard/crtbegin.o
                0x08003b48                PROVIDE (__init_array_end = .)
                0x08003b48                . = ALIGN (0x4)

.fini_array     0x08003b48        0x4
                0x08003b48                . = ALIGN (0x4)
                0x08003b48                PROVIDE (__fini_array_start = .)
 *(SORT_BY_NAME(.fini_array.*))
 *(.fini_array*)
 .fini_array    0x08003b48        0x4 z:/softwares/open_stm/intallation/plugins/fr.ac6.mcu.externaltools.arm-none.win32_1.17.0.201812190825/tools/compiler/bin/../lib/gcc/arm-none-eabi/7.3.1/thumb/v7e-m/fpv4-sp/hard/crtbegin.o
                0x08003b4c                PROVIDE (__fini_array_end = .)
                0x08003b4c                . = ALIGN (0x4)
                0x08003b4c                _sidata = LOADADDR (.data)

.data           0x20000000      0x454 load address 0x08003b4c
                0x20000000                . = ALIGN (0x4)
                0x20000000                _sdata = .
 *(.data)
 .data          0x20000000        0x4 3rd_Party/freeRTOS/org/Source/portable/GCC/ARM_CM4F/port.o
 .data          0x20000004       0x10 StdPeriph_Driver/src/stm32f4xx_rcc.o
 .data          0x20000014       0x14 src/system_stm32f4xx.o
                0x20000014                SystemCoreClock
                0x20000018                AHBPrescTable
 *(.data*)
 .data.impure_data
                0x20000028      0x428 z:/softwares/open_stm/intallation/plugins/fr.ac6.mcu.externaltools.arm-none.win32_1.17.0.201812190825/tools/compiler/bin/../lib/gcc/arm-none-eabi/7.3.1/../../../../arm-none-eabi/lib/thumb/v7e-m/fpv4-sp/hard\libc.a(lib_a-impure.o)
 .data.__atexit_recursive_mutex
                0x20000450        0x4 z:/softwares/open_stm/intallation/plugins/fr.ac6.mcu.externaltools.arm-none.win32_1.17.0.201812190825/tools/compiler/bin/../lib/gcc/arm-none-eabi/7.3.1/../../../../arm-none-eabi/lib/thumb/v7e-m/fpv4-sp/hard\libc.a(lib_a-__call_atexit.o)
                0x20000450                __atexit_recursive_mutex
                0x20000454                . = ALIGN (0x4)
                0x20000454                _edata = .

.igot.plt       0x20000454        0x0 load address 0x08003fa0
 .igot.plt      0x20000454        0x0 z:/softwares/open_stm/intallation/plugins/fr.ac6.mcu.externaltools.arm-none.win32_1.17.0.201812190825/tools/compiler/bin/../lib/gcc/arm-none-eabi/7.3.1/thumb/v7e-m/fpv4-sp/hard/crtbegin.o
                0x20000454                . = ALIGN (0x4)

.bss            0x20000454    0x173e4 load address 0x08003fa0
                0x20000454                _sbss = .
                0x20000454                __bss_start__ = _sbss
 *(.bss)
 .bss           0x20000454       0x1c z:/softwares/open_stm/intallation/plugins/fr.ac6.mcu.externaltools.arm-none.win32_1.17.0.201812190825/tools/compiler/bin/../lib/gcc/arm-none-eabi/7.3.1/thumb/v7e-m/fpv4-sp/hard/crtbegin.o
 .bss           0x20000470       0xa4 3rd_Party/SEGGER/OS/SEGGER_SYSVIEW_FreeRTOS.o
 .bss           0x20000514      0x411 3rd_Party/SEGGER/SEGGER/SEGGER_RTT.o
 *fill*         0x20000925        0x3 
 .bss           0x20000928     0x411b 3rd_Party/SEGGER/SEGGER/SEGGER_SYSVIEW.o
 *fill*         0x20004a43        0x1 
 .bss           0x20004a44      0x104 3rd_Party/freeRTOS/org/Source/tasks.o
                0x20004a44                pxCurrentTCB
 .bss           0x20004b48        0x8 3rd_Party/freeRTOS/org/Source/portable/GCC/ARM_CM4F/port.o
 .bss           0x20004b50    0x12c18 3rd_Party/freeRTOS/org/Source/portable/MemMang/heap_4.o
 .bss           0x20017768        0x1 src/main.o
                0x20017768                button_status_flag
 *(.bss*)
 *(COMMON)
 *fill*         0x20017769        0x3 
 COMMON         0x2001776c       0xa8 3rd_Party/SEGGER/SEGGER/SEGGER_RTT.o
                0x2001776c                _SEGGER_RTT
 COMMON         0x20017814       0x21 z:/softwares/open_stm/intallation/plugins/fr.ac6.mcu.externaltools.arm-none.win32_1.17.0.201812190825/tools/compiler/bin/../lib/gcc/arm-none-eabi/7.3.1/../../../../arm-none-eabi/lib/thumb/v7e-m/fpv4-sp/hard\libc.a(lib_a-lock.o)
                0x20017814                __lock___atexit_recursive_mutex
                0x20017818                __lock___arc4random_mutex
                0x2001781c                __lock___env_recursive_mutex
                0x20017820                __lock___sinit_recursive_mutex
                0x20017824                __lock___malloc_recursive_mutex
                0x20017828                __lock___at_quick_exit_mutex
                0x2001782c                __lock___dd_hash_mutex
                0x20017830                __lock___tz_mutex
                0x20017834                __lock___sfp_recursive_mutex
                0x20017838                . = ALIGN (0x4)
 *fill*         0x20017835        0x3 
                0x20017838                _ebss = .
                0x20017838                __bss_end__ = _ebss

._user_heap_stack
                0x20017838      0x400 load address 0x08003fa0
                0x20017838                . = ALIGN (0x8)
                0x20017838                PROVIDE (end = .)
                [!provide]                PROVIDE (_end = .)
                0x20017838                . = (. + _Min_Heap_Size)
                0x20017c38                . = (. + _Min_Stack_Size)
 *fill*         0x20017838      0x400 
                0x20017c38                . = ALIGN (0x8)

/DISCARD/
 libc.a(*)
 libm.a(*)
 libgcc.a(*)

.ARM.attributes
                0x00000000       0x30
 *(.ARM.attributes)
 .ARM.attributes
                0x00000000       0x22 z:/softwares/open_stm/intallation/plugins/fr.ac6.mcu.externaltools.arm-none.win32_1.17.0.201812190825/tools/compiler/bin/../lib/gcc/arm-none-eabi/7.3.1/thumb/v7e-m/fpv4-sp/hard/crti.o
 .ARM.attributes
                0x00000022       0x34 z:/softwares/open_stm/intallation/plugins/fr.ac6.mcu.externaltools.arm-none.win32_1.17.0.201812190825/tools/compiler/bin/../lib/gcc/arm-none-eabi/7.3.1/thumb/v7e-m/fpv4-sp/hard/crtbegin.o
 .ARM.attributes
                0x00000056       0x39 3rd_Party/SEGGER/OS/SEGGER_SYSVIEW_FreeRTOS.o
 .ARM.attributes
                0x0000008f       0x39 3rd_Party/SEGGER/SEGGER/SEGGER_RTT.o
 .ARM.attributes
                0x000000c8       0x39 3rd_Party/SEGGER/SEGGER/SEGGER_SYSVIEW.o
 .ARM.attributes
                0x00000101       0x39 3rd_Party/freeRTOS/org/Source/list.o
 .ARM.attributes
                0x0000013a       0x39 3rd_Party/freeRTOS/org/Source/tasks.o
 .ARM.attributes
                0x00000173       0x39 3rd_Party/freeRTOS/org/Source/portable/GCC/ARM_CM4F/port.o
 .ARM.attributes
                0x000001ac       0x39 3rd_Party/freeRTOS/org/Source/portable/MemMang/heap_4.o
 .ARM.attributes
                0x000001e5       0x39 StdPeriph_Driver/src/stm32f4xx_exti.o
 .ARM.attributes
                0x0000021e       0x39 StdPeriph_Driver/src/stm32f4xx_gpio.o
 .ARM.attributes
                0x00000257       0x39 StdPeriph_Driver/src/stm32f4xx_rcc.o
 .ARM.attributes
                0x00000290       0x39 StdPeriph_Driver/src/stm32f4xx_syscfg.o
 .ARM.attributes
                0x000002c9       0x39 StdPeriph_Driver/src/stm32f4xx_usart.o
 .ARM.attributes
                0x00000302       0x39 src/main.o
 .ARM.attributes
                0x0000033b       0x39 src/system_stm32f4xx.o
 .ARM.attributes
                0x00000374       0x21 startup/startup_stm32.o
 .ARM.attributes
                0x00000395       0x34 z:/softwares/open_stm/intallation/plugins/fr.ac6.mcu.externaltools.arm-none.win32_1.17.0.201812190825/tools/compiler/bin/../lib/gcc/arm-none-eabi/7.3.1/../../../../arm-none-eabi/lib/thumb/v7e-m/fpv4-sp/hard\libc.a(lib_a-impure.o)
 .ARM.attributes
                0x000003c9       0x34 z:/softwares/open_stm/intallation/plugins/fr.ac6.mcu.externaltools.arm-none.win32_1.17.0.201812190825/tools/compiler/bin/../lib/gcc/arm-none-eabi/7.3.1/../../../../arm-none-eabi/lib/thumb/v7e-m/fpv4-sp/hard\libc.a(lib_a-init.o)
 .ARM.attributes
                0x000003fd       0x34 z:/softwares/open_stm/intallation/plugins/fr.ac6.mcu.externaltools.arm-none.win32_1.17.0.201812190825/tools/compiler/bin/../lib/gcc/arm-none-eabi/7.3.1/../../../../arm-none-eabi/lib/thumb/v7e-m/fpv4-sp/hard\libc.a(lib_a-memcmp.o)
 .ARM.attributes
                0x00000431       0x20 z:/softwares/open_stm/intallation/plugins/fr.ac6.mcu.externaltools.arm-none.win32_1.17.0.201812190825/tools/compiler/bin/../lib/gcc/arm-none-eabi/7.3.1/../../../../arm-none-eabi/lib/thumb/v7e-m/fpv4-sp/hard\libc.a(lib_a-memcpy.o)
 .ARM.attributes
                0x00000451       0x34 z:/softwares/open_stm/intallation/plugins/fr.ac6.mcu.externaltools.arm-none.win32_1.17.0.201812190825/tools/compiler/bin/../lib/gcc/arm-none-eabi/7.3.1/../../../../arm-none-eabi/lib/thumb/v7e-m/fpv4-sp/hard\libc.a(lib_a-memset.o)
 .ARM.attributes
                0x00000485       0x34 z:/softwares/open_stm/intallation/plugins/fr.ac6.mcu.externaltools.arm-none.win32_1.17.0.201812190825/tools/compiler/bin/../lib/gcc/arm-none-eabi/7.3.1/../../../../arm-none-eabi/lib/thumb/v7e-m/fpv4-sp/hard\libc.a(lib_a-__call_atexit.o)
 .ARM.attributes
                0x000004b9       0x34 z:/softwares/open_stm/intallation/plugins/fr.ac6.mcu.externaltools.arm-none.win32_1.17.0.201812190825/tools/compiler/bin/../lib/gcc/arm-none-eabi/7.3.1/../../../../arm-none-eabi/lib/thumb/v7e-m/fpv4-sp/hard\libc.a(lib_a-atexit.o)
 .ARM.attributes
                0x000004ed       0x34 z:/softwares/open_stm/intallation/plugins/fr.ac6.mcu.externaltools.arm-none.win32_1.17.0.201812190825/tools/compiler/bin/../lib/gcc/arm-none-eabi/7.3.1/../../../../arm-none-eabi/lib/thumb/v7e-m/fpv4-sp/hard\libc.a(lib_a-fini.o)
 .ARM.attributes
                0x00000521       0x34 z:/softwares/open_stm/intallation/plugins/fr.ac6.mcu.externaltools.arm-none.win32_1.17.0.201812190825/tools/compiler/bin/../lib/gcc/arm-none-eabi/7.3.1/../../../../arm-none-eabi/lib/thumb/v7e-m/fpv4-sp/hard\libc.a(lib_a-lock.o)
 .ARM.attributes
                0x00000555       0x34 z:/softwares/open_stm/intallation/plugins/fr.ac6.mcu.externaltools.arm-none.win32_1.17.0.201812190825/tools/compiler/bin/../lib/gcc/arm-none-eabi/7.3.1/../../../../arm-none-eabi/lib/thumb/v7e-m/fpv4-sp/hard\libc.a(lib_a-__atexit.o)
 .ARM.attributes
                0x00000589       0x22 z:/softwares/open_stm/intallation/plugins/fr.ac6.mcu.externaltools.arm-none.win32_1.17.0.201812190825/tools/compiler/bin/../lib/gcc/arm-none-eabi/7.3.1/thumb/v7e-m/fpv4-sp/hard/crtn.o
OUTPUT(STM32_blinky_Interrupt.elf elf32-littlearm)

.debug_info     0x00000000     0xdfa9
 .debug_info    0x00000000      0xb8d 3rd_Party/SEGGER/OS/SEGGER_SYSVIEW_FreeRTOS.o
 .debug_info    0x00000b8d     0x16b9 3rd_Party/SEGGER/SEGGER/SEGGER_RTT.o
 .debug_info    0x00002246     0x3aea 3rd_Party/SEGGER/SEGGER/SEGGER_SYSVIEW.o
 .debug_info    0x00005d30      0xadb 3rd_Party/freeRTOS/org/Source/list.o
 .debug_info    0x0000680b     0x270c 3rd_Party/freeRTOS/org/Source/tasks.o
 .debug_info    0x00008f17      0x533 3rd_Party/freeRTOS/org/Source/portable/GCC/ARM_CM4F/port.o
 .debug_info    0x0000944a      0xc09 3rd_Party/freeRTOS/org/Source/portable/MemMang/heap_4.o
 .debug_info    0x0000a053      0x358 StdPeriph_Driver/src/stm32f4xx_exti.o
 .debug_info    0x0000a3ab      0x62b StdPeriph_Driver/src/stm32f4xx_gpio.o
 .debug_info    0x0000a9d6      0xf8e StdPeriph_Driver/src/stm32f4xx_rcc.o
 .debug_info    0x0000b964      0x2a6 StdPeriph_Driver/src/stm32f4xx_syscfg.o
 .debug_info    0x0000bc0a      0x9d4 StdPeriph_Driver/src/stm32f4xx_usart.o
 .debug_info    0x0000c5de     0x1388 src/main.o
 .debug_info    0x0000d966      0x621 src/system_stm32f4xx.o
 .debug_info    0x0000df87       0x22 startup/startup_stm32.o

.debug_abbrev   0x00000000     0x1fb6
 .debug_abbrev  0x00000000      0x223 3rd_Party/SEGGER/OS/SEGGER_SYSVIEW_FreeRTOS.o
 .debug_abbrev  0x00000223      0x2d6 3rd_Party/SEGGER/SEGGER/SEGGER_RTT.o
 .debug_abbrev  0x000004f9      0x336 3rd_Party/SEGGER/SEGGER/SEGGER_SYSVIEW.o
 .debug_abbrev  0x0000082f      0x205 3rd_Party/freeRTOS/org/Source/list.o
 .debug_abbrev  0x00000a34      0x395 3rd_Party/freeRTOS/org/Source/tasks.o
 .debug_abbrev  0x00000dc9      0x210 3rd_Party/freeRTOS/org/Source/portable/GCC/ARM_CM4F/port.o
 .debug_abbrev  0x00000fd9      0x2ec 3rd_Party/freeRTOS/org/Source/portable/MemMang/heap_4.o
 .debug_abbrev  0x000012c5      0x1c3 StdPeriph_Driver/src/stm32f4xx_exti.o
 .debug_abbrev  0x00001488      0x1bf StdPeriph_Driver/src/stm32f4xx_gpio.o
 .debug_abbrev  0x00001647      0x1d4 StdPeriph_Driver/src/stm32f4xx_rcc.o
 .debug_abbrev  0x0000181b      0x14b StdPeriph_Driver/src/stm32f4xx_syscfg.o
 .debug_abbrev  0x00001966      0x187 StdPeriph_Driver/src/stm32f4xx_usart.o
 .debug_abbrev  0x00001aed      0x35a src/main.o
 .debug_abbrev  0x00001e47      0x15d src/system_stm32f4xx.o
 .debug_abbrev  0x00001fa4       0x12 startup/startup_stm32.o

.debug_aranges  0x00000000      0xb90
 .debug_aranges
                0x00000000       0x48 3rd_Party/SEGGER/OS/SEGGER_SYSVIEW_FreeRTOS.o
 .debug_aranges
                0x00000048      0x110 3rd_Party/SEGGER/SEGGER/SEGGER_RTT.o
 .debug_aranges
                0x00000158      0x268 3rd_Party/SEGGER/SEGGER/SEGGER_SYSVIEW.o
 .debug_aranges
                0x000003c0       0x40 3rd_Party/freeRTOS/org/Source/list.o
 .debug_aranges
                0x00000400      0x1e8 3rd_Party/freeRTOS/org/Source/tasks.o
 .debug_aranges
                0x000005e8       0x80 3rd_Party/freeRTOS/org/Source/portable/GCC/ARM_CM4F/port.o
 .debug_aranges
                0x00000668       0x50 3rd_Party/freeRTOS/org/Source/portable/MemMang/heap_4.o
 .debug_aranges
                0x000006b8       0x58 StdPeriph_Driver/src/stm32f4xx_exti.o
 .debug_aranges
                0x00000710       0x88 StdPeriph_Driver/src/stm32f4xx_gpio.o
 .debug_aranges
                0x00000798      0x1e8 StdPeriph_Driver/src/stm32f4xx_rcc.o
 .debug_aranges
                0x00000980       0x50 StdPeriph_Driver/src/stm32f4xx_syscfg.o
 .debug_aranges
                0x000009d0      0x100 StdPeriph_Driver/src/stm32f4xx_usart.o
 .debug_aranges
                0x00000ad0       0x68 src/main.o
 .debug_aranges
                0x00000b38       0x30 src/system_stm32f4xx.o
 .debug_aranges
                0x00000b68       0x28 startup/startup_stm32.o

.debug_ranges   0x00000000      0xaa8
 .debug_ranges  0x00000000       0x38 3rd_Party/SEGGER/OS/SEGGER_SYSVIEW_FreeRTOS.o
 .debug_ranges  0x00000038      0x100 3rd_Party/SEGGER/SEGGER/SEGGER_RTT.o
 .debug_ranges  0x00000138      0x258 3rd_Party/SEGGER/SEGGER/SEGGER_SYSVIEW.o
 .debug_ranges  0x00000390       0x30 3rd_Party/freeRTOS/org/Source/list.o
 .debug_ranges  0x000003c0      0x1d8 3rd_Party/freeRTOS/org/Source/tasks.o
 .debug_ranges  0x00000598       0x70 3rd_Party/freeRTOS/org/Source/portable/GCC/ARM_CM4F/port.o
 .debug_ranges  0x00000608       0x40 3rd_Party/freeRTOS/org/Source/portable/MemMang/heap_4.o
 .debug_ranges  0x00000648       0x48 StdPeriph_Driver/src/stm32f4xx_exti.o
 .debug_ranges  0x00000690       0x78 StdPeriph_Driver/src/stm32f4xx_gpio.o
 .debug_ranges  0x00000708      0x1d8 StdPeriph_Driver/src/stm32f4xx_rcc.o
 .debug_ranges  0x000008e0       0x40 StdPeriph_Driver/src/stm32f4xx_syscfg.o
 .debug_ranges  0x00000920       0xf0 StdPeriph_Driver/src/stm32f4xx_usart.o
 .debug_ranges  0x00000a10       0x58 src/main.o
 .debug_ranges  0x00000a68       0x20 src/system_stm32f4xx.o
 .debug_ranges  0x00000a88       0x20 startup/startup_stm32.o

.debug_macro    0x00000000     0x378b
 .debug_macro   0x00000000      0x1d0 3rd_Party/SEGGER/OS/SEGGER_SYSVIEW_FreeRTOS.o
 .debug_macro   0x000001d0       0xb5 3rd_Party/SEGGER/OS/SEGGER_SYSVIEW_FreeRTOS.o
 .debug_macro   0x00000285       0xaa 3rd_Party/SEGGER/OS/SEGGER_SYSVIEW_FreeRTOS.o
 .debug_macro   0x0000032f       0x5e 3rd_Party/SEGGER/OS/SEGGER_SYSVIEW_FreeRTOS.o
 .debug_macro   0x0000038d       0x18 3rd_Party/SEGGER/OS/SEGGER_SYSVIEW_FreeRTOS.o
 .debug_macro   0x000003a5       0x35 3rd_Party/SEGGER/OS/SEGGER_SYSVIEW_FreeRTOS.o
 .debug_macro   0x000003da       0x34 3rd_Party/SEGGER/OS/SEGGER_SYSVIEW_FreeRTOS.o
 .debug_macro   0x0000040e       0x58 3rd_Party/SEGGER/OS/SEGGER_SYSVIEW_FreeRTOS.o
 .debug_macro   0x00000466       0x1f 3rd_Party/SEGGER/OS/SEGGER_SYSVIEW_FreeRTOS.o
 .debug_macro   0x00000485       0x43 3rd_Party/SEGGER/OS/SEGGER_SYSVIEW_FreeRTOS.o
 .debug_macro   0x000004c8       0x20 3rd_Party/SEGGER/OS/SEGGER_SYSVIEW_FreeRTOS.o
 .debug_macro   0x000004e8      0x18e 3rd_Party/SEGGER/OS/SEGGER_SYSVIEW_FreeRTOS.o
 .debug_macro   0x00000676      0x330 3rd_Party/SEGGER/OS/SEGGER_SYSVIEW_FreeRTOS.o
 .debug_macro   0x000009a6       0x10 3rd_Party/SEGGER/OS/SEGGER_SYSVIEW_FreeRTOS.o
 .debug_macro   0x000009b6       0x35 3rd_Party/SEGGER/OS/SEGGER_SYSVIEW_FreeRTOS.o
 .debug_macro   0x000009eb      0x164 3rd_Party/SEGGER/SEGGER/SEGGER_RTT.o
 .debug_macro   0x00000b4f       0x4f 3rd_Party/SEGGER/SEGGER/SEGGER_RTT.o
 .debug_macro   0x00000b9e      0x115 3rd_Party/SEGGER/SEGGER/SEGGER_RTT.o
 .debug_macro   0x00000cb3       0x58 3rd_Party/SEGGER/SEGGER/SEGGER_RTT.o
 .debug_macro   0x00000d0b       0x94 3rd_Party/SEGGER/SEGGER/SEGGER_RTT.o
 .debug_macro   0x00000d9f       0x57 3rd_Party/SEGGER/SEGGER/SEGGER_RTT.o
 .debug_macro   0x00000df6      0x1f8 3rd_Party/SEGGER/SEGGER/SEGGER_SYSVIEW.o
 .debug_macro   0x00000fee       0x65 3rd_Party/SEGGER/SEGGER/SEGGER_SYSVIEW.o
 .debug_macro   0x00001053       0x35 3rd_Party/SEGGER/SEGGER/SEGGER_SYSVIEW.o
 .debug_macro   0x00001088      0x11b 3rd_Party/SEGGER/SEGGER/SEGGER_SYSVIEW.o
 .debug_macro   0x000011a3       0x16 3rd_Party/SEGGER/SEGGER/SEGGER_SYSVIEW.o
 .debug_macro   0x000011b9       0x16 3rd_Party/SEGGER/SEGGER/SEGGER_SYSVIEW.o
 .debug_macro   0x000011cf       0x29 3rd_Party/SEGGER/SEGGER/SEGGER_SYSVIEW.o
 .debug_macro   0x000011f8      0x1ba 3rd_Party/freeRTOS/org/Source/list.o
 .debug_macro   0x000013b2      0x2ae 3rd_Party/freeRTOS/org/Source/tasks.o
 .debug_macro   0x00001660       0x10 3rd_Party/freeRTOS/org/Source/tasks.o
 .debug_macro   0x00001670      0x1d6 3rd_Party/freeRTOS/org/Source/portable/GCC/ARM_CM4F/port.o
 .debug_macro   0x00001846      0x1e1 3rd_Party/freeRTOS/org/Source/portable/MemMang/heap_4.o
 .debug_macro   0x00001a27      0x1fe StdPeriph_Driver/src/stm32f4xx_exti.o
 .debug_macro   0x00001c25       0xaf StdPeriph_Driver/src/stm32f4xx_exti.o
 .debug_macro   0x00001cd4      0x1fc StdPeriph_Driver/src/stm32f4xx_gpio.o
 .debug_macro   0x00001ed0      0x33b StdPeriph_Driver/src/stm32f4xx_gpio.o
 .debug_macro   0x0000220b      0x2cb StdPeriph_Driver/src/stm32f4xx_rcc.o
 .debug_macro   0x000024d6      0x24a StdPeriph_Driver/src/stm32f4xx_syscfg.o
 .debug_macro   0x00002720      0x10e StdPeriph_Driver/src/stm32f4xx_syscfg.o
 .debug_macro   0x0000282e      0x214 StdPeriph_Driver/src/stm32f4xx_usart.o
 .debug_macro   0x00002a42      0x21d StdPeriph_Driver/src/stm32f4xx_usart.o
 .debug_macro   0x00002c5f      0x425 src/main.o
 .debug_macro   0x00003084      0x115 src/main.o
 .debug_macro   0x00003199       0x16 src/main.o
 .debug_macro   0x000031af       0x10 src/main.o
 .debug_macro   0x000031bf       0x1c src/main.o
 .debug_macro   0x000031db       0x52 src/main.o
 .debug_macro   0x0000322d       0x40 src/main.o
 .debug_macro   0x0000326d       0x10 src/main.o
 .debug_macro   0x0000327d       0x40 src/main.o
 .debug_macro   0x000032bd       0xd7 src/main.o
 .debug_macro   0x00003394       0x1c src/main.o
 .debug_macro   0x000033b0       0x3d src/main.o
 .debug_macro   0x000033ed       0x16 src/main.o
 .debug_macro   0x00003403      0x16f src/main.o
 .debug_macro   0x00003572      0x219 src/system_stm32f4xx.o

.debug_line     0x00000000     0x8bd5
 .debug_line    0x00000000      0x6e8 3rd_Party/SEGGER/OS/SEGGER_SYSVIEW_FreeRTOS.o
 .debug_line    0x000006e8      0x7e2 3rd_Party/SEGGER/SEGGER/SEGGER_RTT.o
 .debug_line    0x00000eca     0x16b5 3rd_Party/SEGGER/SEGGER/SEGGER_SYSVIEW.o
 .debug_line    0x0000257f      0x657 3rd_Party/freeRTOS/org/Source/list.o
 .debug_line    0x00002bd6     0x12ee 3rd_Party/freeRTOS/org/Source/tasks.o
 .debug_line    0x00003ec4      0x78d 3rd_Party/freeRTOS/org/Source/portable/GCC/ARM_CM4F/port.o
 .debug_line    0x00004651      0x73d 3rd_Party/freeRTOS/org/Source/portable/MemMang/heap_4.o
 .debug_line    0x00004d8e      0x746 StdPeriph_Driver/src/stm32f4xx_exti.o
 .debug_line    0x000054d4      0x81e StdPeriph_Driver/src/stm32f4xx_gpio.o
 .debug_line    0x00005cf2      0xb9b StdPeriph_Driver/src/stm32f4xx_rcc.o
 .debug_line    0x0000688d      0x719 StdPeriph_Driver/src/stm32f4xx_syscfg.o
 .debug_line    0x00006fa6      0x964 StdPeriph_Driver/src/stm32f4xx_usart.o
 .debug_line    0x0000790a      0xb24 src/main.o
 .debug_line    0x0000842e      0x72b src/system_stm32f4xx.o
 .debug_line    0x00008b59       0x7c startup/startup_stm32.o

.debug_str      0x00000000    0x7f06f
 .debug_str     0x00000000     0xddde 3rd_Party/SEGGER/OS/SEGGER_SYSVIEW_FreeRTOS.o
                               0xe082 (size before relaxing)
 .debug_str     0x0000ddde      0xdc8 3rd_Party/SEGGER/SEGGER/SEGGER_RTT.o
                               0x6db7 (size before relaxing)
 .debug_str     0x0000eba6     0x13e5 3rd_Party/SEGGER/SEGGER/SEGGER_SYSVIEW.o
                               0x8d5c (size before relaxing)
 .debug_str     0x0000ff8b      0x13e 3rd_Party/freeRTOS/org/Source/list.o
                               0xda8f (size before relaxing)
 .debug_str     0x000100c9     0x1d46 3rd_Party/freeRTOS/org/Source/tasks.o
                               0xfecc (size before relaxing)
 .debug_str     0x00011e0f      0x7f9 3rd_Party/freeRTOS/org/Source/portable/GCC/ARM_CM4F/port.o
                               0xbc29 (size before relaxing)
 .debug_str     0x00012608      0x26d 3rd_Party/freeRTOS/org/Source/portable/MemMang/heap_4.o
                               0xe29f (size before relaxing)
 .debug_str     0x00012875    0x69379 StdPeriph_Driver/src/stm32f4xx_exti.o
                              0x6d0c3 (size before relaxing)
 .debug_str     0x0007bbee      0x2b0 StdPeriph_Driver/src/stm32f4xx_gpio.o
                              0x6d1f5 (size before relaxing)
 .debug_str     0x0007be9e      0xe76 StdPeriph_Driver/src/stm32f4xx_rcc.o
                              0x6ddd1 (size before relaxing)
 .debug_str     0x0007cd14      0x40c StdPeriph_Driver/src/stm32f4xx_syscfg.o
                              0x6d313 (size before relaxing)
 .debug_str     0x0007d120      0x53a StdPeriph_Driver/src/stm32f4xx_usart.o
                              0x6d508 (size before relaxing)
 .debug_str     0x0007d65a     0x191e src/main.o
                              0x78e1d (size before relaxing)
 .debug_str     0x0007ef78       0xce src/system_stm32f4xx.o
                              0x6d154 (size before relaxing)
 .debug_str     0x0007f046       0x29 startup/startup_stm32.o
                                 0x58 (size before relaxing)

.comment        0x00000000       0x7f
 .comment       0x00000000       0x7f 3rd_Party/SEGGER/OS/SEGGER_SYSVIEW_FreeRTOS.o
                                 0x80 (size before relaxing)
 .comment       0x0000007f       0x80 3rd_Party/SEGGER/SEGGER/SEGGER_RTT.o
 .comment       0x0000007f       0x80 3rd_Party/SEGGER/SEGGER/SEGGER_SYSVIEW.o
 .comment       0x0000007f       0x80 3rd_Party/freeRTOS/org/Source/list.o
 .comment       0x0000007f       0x80 3rd_Party/freeRTOS/org/Source/tasks.o
 .comment       0x0000007f       0x80 3rd_Party/freeRTOS/org/Source/portable/GCC/ARM_CM4F/port.o
 .comment       0x0000007f       0x80 3rd_Party/freeRTOS/org/Source/portable/MemMang/heap_4.o
 .comment       0x0000007f       0x80 StdPeriph_Driver/src/stm32f4xx_exti.o
 .comment       0x0000007f       0x80 StdPeriph_Driver/src/stm32f4xx_gpio.o
 .comment       0x0000007f       0x80 StdPeriph_Driver/src/stm32f4xx_rcc.o
 .comment       0x0000007f       0x80 StdPeriph_Driver/src/stm32f4xx_syscfg.o
 .comment       0x0000007f       0x80 StdPeriph_Driver/src/stm32f4xx_usart.o
 .comment       0x0000007f       0x80 src/main.o
 .comment       0x0000007f       0x80 src/system_stm32f4xx.o

.debug_frame    0x00000000     0x3318
 .debug_frame   0x00000000      0x100 3rd_Party/SEGGER/OS/SEGGER_SYSVIEW_FreeRTOS.o
 .debug_frame   0x00000100      0x478 3rd_Party/SEGGER/SEGGER/SEGGER_RTT.o
 .debug_frame   0x00000578      0xb5c 3rd_Party/SEGGER/SEGGER/SEGGER_SYSVIEW.o
 .debug_frame   0x000010d4       0xd8 3rd_Party/freeRTOS/org/Source/list.o
 .debug_frame   0x000011ac      0x870 3rd_Party/freeRTOS/org/Source/tasks.o
 .debug_frame   0x00001a1c      0x1a8 3rd_Party/freeRTOS/org/Source/portable/GCC/ARM_CM4F/port.o
 .debug_frame   0x00001bc4      0x108 3rd_Party/freeRTOS/org/Source/portable/MemMang/heap_4.o
 .debug_frame   0x00001ccc      0x148 StdPeriph_Driver/src/stm32f4xx_exti.o
 .debug_frame   0x00001e14      0x23c StdPeriph_Driver/src/stm32f4xx_gpio.o
 .debug_frame   0x00002050      0x904 StdPeriph_Driver/src/stm32f4xx_rcc.o
 .debug_frame   0x00002954      0x11c StdPeriph_Driver/src/stm32f4xx_syscfg.o
 .debug_frame   0x00002a70      0x490 StdPeriph_Driver/src/stm32f4xx_usart.o
 .debug_frame   0x00002f00      0x16c src/main.o
 .debug_frame   0x0000306c       0x7c src/system_stm32f4xx.o
 .debug_frame   0x000030e8       0x2c z:/softwares/open_stm/intallation/plugins/fr.ac6.mcu.externaltools.arm-none.win32_1.17.0.201812190825/tools/compiler/bin/../lib/gcc/arm-none-eabi/7.3.1/../../../../arm-none-eabi/lib/thumb/v7e-m/fpv4-sp/hard\libc.a(lib_a-init.o)
 .debug_frame   0x00003114       0x38 z:/softwares/open_stm/intallation/plugins/fr.ac6.mcu.externaltools.arm-none.win32_1.17.0.201812190825/tools/compiler/bin/../lib/gcc/arm-none-eabi/7.3.1/../../../../arm-none-eabi/lib/thumb/v7e-m/fpv4-sp/hard\libc.a(lib_a-memcmp.o)
 .debug_frame   0x0000314c       0x38 z:/softwares/open_stm/intallation/plugins/fr.ac6.mcu.externaltools.arm-none.win32_1.17.0.201812190825/tools/compiler/bin/../lib/gcc/arm-none-eabi/7.3.1/../../../../arm-none-eabi/lib/thumb/v7e-m/fpv4-sp/hard\libc.a(lib_a-memset.o)
 .debug_frame   0x00003184       0x5c z:/softwares/open_stm/intallation/plugins/fr.ac6.mcu.externaltools.arm-none.win32_1.17.0.201812190825/tools/compiler/bin/../lib/gcc/arm-none-eabi/7.3.1/../../../../arm-none-eabi/lib/thumb/v7e-m/fpv4-sp/hard\libc.a(lib_a-__call_atexit.o)
 .debug_frame   0x000031e0       0x20 z:/softwares/open_stm/intallation/plugins/fr.ac6.mcu.externaltools.arm-none.win32_1.17.0.201812190825/tools/compiler/bin/../lib/gcc/arm-none-eabi/7.3.1/../../../../arm-none-eabi/lib/thumb/v7e-m/fpv4-sp/hard\libc.a(lib_a-atexit.o)
 .debug_frame   0x00003200       0x34 z:/softwares/open_stm/intallation/plugins/fr.ac6.mcu.externaltools.arm-none.win32_1.17.0.201812190825/tools/compiler/bin/../lib/gcc/arm-none-eabi/7.3.1/../../../../arm-none-eabi/lib/thumb/v7e-m/fpv4-sp/hard\libc.a(lib_a-fini.o)
 .debug_frame   0x00003234       0xb0 z:/softwares/open_stm/intallation/plugins/fr.ac6.mcu.externaltools.arm-none.win32_1.17.0.201812190825/tools/compiler/bin/../lib/gcc/arm-none-eabi/7.3.1/../../../../arm-none-eabi/lib/thumb/v7e-m/fpv4-sp/hard\libc.a(lib_a-lock.o)
 .debug_frame   0x000032e4       0x34 z:/softwares/open_stm/intallation/plugins/fr.ac6.mcu.externaltools.arm-none.win32_1.17.0.201812190825/tools/compiler/bin/../lib/gcc/arm-none-eabi/7.3.1/../../../../arm-none-eabi/lib/thumb/v7e-m/fpv4-sp/hard\libc.a(lib_a-__atexit.o)
